To honour the JVM settings for this build a single-use Daemon process will be forked. For more on this, please refer to https://docs.gradle.org/9.0.0/userguide/gradle_daemon.html#sec:disabling_the_daemon in the Gradle documentation.
Daemon will be stopped at the end of the build
> Task :app:checkKotlinGradlePluginConfigurationErrors SKIPPED
> Task :app:preBuild UP-TO-DATE
> Task :app:preDebugBuild UP-TO-DATE
> Task :app:checkDebugAarMetadata UP-TO-DATE
> Task :app:processDebugNavigationResources UP-TO-DATE
> Task :app:compileDebugNavigationResources UP-TO-DATE
> Task :app:generateDebugResValues UP-TO-DATE
> Task :app:mapDebugSourceSetPaths UP-TO-DATE
> Task :app:generateDebugResources UP-TO-DATE
> Task :app:mergeDebugResources UP-TO-DATE
> Task :app:packageDebugResources UP-TO-DATE
> Task :app:parseDebugLocalResources UP-TO-DATE
> Task :app:createDebugCompatibleScreenManifests UP-TO-DATE
> Task :app:extractDeepLinksDebug UP-TO-DATE
> Task :app:processDebugMainManifest UP-TO-DATE
> Task :app:processDebugManifest UP-TO-DATE
> Task :app:processDebugManifestForPackage UP-TO-DATE
> Task :app:processDebugResources UP-TO-DATE

> Task :app:compileDebugKotlin
w: file:///app/app/src/main/kotlin/com/itsraj/funkytalk/ui/components/BottomNavigation.kt:24:57 'val Icons.Filled.Chat: ImageVector' is deprecated. Use the AutoMirrored version at Icons.AutoMirrored.Filled.Chat.
w: file:///app/app/src/main/kotlin/com/itsraj/funkytalk/ui/screens/ChatsScreen.kt:65:36 'val Icons.Filled.Chat: ImageVector' is deprecated. Use the AutoMirrored version at Icons.AutoMirrored.Filled.Chat.
w: file:///app/app/src/main/kotlin/com/itsraj/funkytalk/ui/screens/IndividualChatScreen.kt:62:44 'val Icons.Filled.ArrowBack: ImageVector' is deprecated. Use the AutoMirrored version at Icons.AutoMirrored.Filled.ArrowBack.
w: file:///app/app/src/main/kotlin/com/itsraj/funkytalk/ui/screens/IndividualChatScreen.kt:103:44 'val Icons.Filled.Send: ImageVector' is deprecated. Use the AutoMirrored version at Icons.AutoMirrored.Filled.Send.
w: file:///app/app/src/main/kotlin/com/itsraj/funkytalk/ui/screens/LoginScreen.kt:46:44 'val Icons.Filled.ArrowBack: ImageVector' is deprecated. Use the AutoMirrored version at Icons.AutoMirrored.Filled.ArrowBack.
w: file:///app/app/src/main/kotlin/com/itsraj/funkytalk/ui/screens/SignupScreen.kt:38:44 'val Icons.Filled.ArrowBack: ImageVector' is deprecated. Use the AutoMirrored version at Icons.AutoMirrored.Filled.ArrowBack.
w: file:///app/app/src/main/kotlin/com/itsraj/funkytalk/ui/screens/WelcomeScreen.kt:86:41 'val outlinedButtonBorder: BorderStroke' is deprecated. Please use the version that takes an `enabled` param to get the `BorderStroke` with the correct opacity.

BUILD SUCCESSFUL in 30s
16 actionable tasks: 1 executed, 15 up-to-date
Consider enabling configuration cache to speed up this build: https://docs.gradle.org/9.0.0/userguide/configuration_cache_enabling.html
